
Importing 87 prints from /Users/bradein/Downloads/Deron website/DGWLP

[1/87] HIgh Key · _T5A0110-2.jpg
    → "Lioness in Light" | landscape 2659×1773 | bw | 0.2MB | 10 variants
[2/87] HIgh Key · _T5A3994.jpg
    → "Cheetah in Grass" | landscape 4615×3077 | bw | 0.9MB | 10 variants
[3/87] Limited Edition · _T5A2710-3.jpg
    → "Cheetah Cub's Embrace" | landscape 3524×2349 | colour | 1.2MB | 10 variants
[4/87] Limited Edition · _T5A4559-Enhanced-NR.jpg
    → "Nursing Elephant Calf" | landscape 4637×3091 | colour | 3.0MB | 10 variants
[5/87] Limited Edition · _T5A4717.jpg
    → "Painted Dog at Dusk" | landscape 4119×2746 | colour | 0.9MB | 10 variants
[6/87] Limited Edition · _X4A1766-2.jpg
    → "Lion Through Grass — Mono" | landscape 6288×4194 | bw | 4.3MB | 10 variants
[7/87] Limited Edition · _X4A1766.jpg
    → "Lion Through Grass" | landscape 6177×4120 | colour | 2.9MB | 10 variants
[8/87] Limited Edition · 2E3A1621.jpg
    → "Leopard in Shadow" | portrait 1735×2313 | bw | 0.7MB | 10 variants
[9/87] Limited Edition · AA8I0623-4.jpg
    → "Young Lion Profile" | landscape 5472×3648 | colour | 2.9MB | 10 variants
[10/87] Limited Edition · AA8I1081.jpg
    → "Meeting of Horns" | landscape 3694×2463 | bw | 2.2MB | 10 variants
[11/87] Limited Edition · AA8I5038.jpg
    → "Elephant Family" | landscape 5079×3386 | bw | 2.6MB | 10 variants
[12/87] Panoramas · _T5A2400-2(3x1).jpg
    → "Ethereal Quartet" | pano 5322×1774 | bw | 1.3MB | 10 variants
[13/87] Panoramas · _T5A2694-2.jpg
    → "Stormfront Sovereign" | pan2 3523×1761 | colour | 1.3MB | 10 variants
[14/87] Panoramas · _T5A2694(2x1).jpg
    → "Stormfront Sovereign — Mono" | pan2 3523×1761 | bw | 1.1MB | 10 variants
[15/87] Panoramas · _T5A6452-3 (2) (2x1).jpg
    → "Golden Lookback" | pan2 6704×3352 | colour | 3.4MB | 10 variants
[16/87] Panoramas · _T5A6452-3.jpg
    → "Quiet Lookback" | pan2 6704×3352 | bw | 3.0MB | 10 variants
[17/87] Panoramas · _X4A2254.jpg
    → "Horizon Sentinel" | pano 4005×1335 | colour | 0.4MB | 10 variants
[18/87] Panoramas · _X4A3651(2x1).jpg
    → "Ancient Trio" | pan2 5019×2509 | colour | 1.9MB | 10 variants
[19/87] Panoramas · 2E3A3199.jpg
    → "The Long March" | pano 4637×1546 | bw | 1.2MB | 10 variants
[20/87] Panoramas · 2E3A3386 (2x1).jpg
    → "Crossed Tusks" | pan2 5437×2718 | bw | 2.8MB | 10 variants
[21/87] Panoramas · AA8I1403 (2x1).jpg
    → "River Contenders" | pan2 4785×2393 | bw | 2.0MB | 10 variants
[22/87] Panoramas · AA8I5773.jpg
    → "Herd Beneath Giants" | pano 5033×1678 | bw | 1.7MB | 10 variants
[23/87] Panoramas · AA8I6140-2 (3x1).jpg
    → "Pale Procession" | pano 5472×1817 | colour | 2.0MB | 10 variants
[24/87] Panoramas · AA8I6564.jpg
    → "Lone Horizon" | pano 4435×1478 | bw | 0.7MB | 10 variants
[25/87] Panoramas · AA8I8532 (2x1).jpg
    → "Amber Stride" | pan2 4613×2306 | colour | 1.5MB | 10 variants
[26/87] Panoramas · AA8I8532-2.jpg
    → "Amber Stride — Wide" | pan2 4384×2192 | bw | 1.4MB | 10 variants
[27/87] Browsers & Grazers · _T5A0170.jpg
    → "Quiet Alliance" | portrait 3648×5472 | bw | 1.5MB | 10 variants
[28/87] Browsers & Grazers · _T5A0313.jpg
    → "Paired Procession" | landscape 3850×2567 | colour | 1.7MB | 10 variants
[29/87] Browsers & Grazers · _T5A1425.jpg
    → "Weathered Boss" | landscape 3984×2656 | bw | 1.4MB | 10 variants
[30/87] Browsers & Grazers · _T5A1488 (4x3).jpg
    → "Luminous Mane" | portrait 2201×2840 | bw | 0.8MB | 10 variants
[31/87] Browsers & Grazers · _T5A1616-2.jpg
    → "Iron Profile" | landscape 3305×2203 | colour | 1.8MB | 10 variants
[32/87] Browsers & Grazers · _T5A2055.jpg
    → "Shared Vigil" | landscape 1958×1305 | bw | 0.4MB | 10 variants
[33/87] Browsers & Grazers · _T5A2822.jpg
    → "Toward Light" | portrait 2019×3029 | bw | 0.8MB | 10 variants
[34/87] Browsers & Grazers · _T5A3421.jpg
    → "Ivory Passage" | landscape 4863×3242 | bw | 2.5MB | 10 variants
[35/87] Browsers & Grazers · _T5A4732-2.jpg
    → "Silent Contours" | portrait 2270×3026 | bw | 0.9MB | 10 variants
[36/87] Browsers & Grazers · _T5A4732(4x3).jpg
    → "Midnight Regard" | portrait 2470×3294 | colour | 1.1MB | 10 variants
[37/87] Browsers & Grazers · _T5A5605.jpg
    → "Shadowed Colossus" | landscape 5472×3648 | bw | 1.9MB | 10 variants
[38/87] Browsers & Grazers · _T5A6797-Enhanced-NR-4.jpg
    → "Canopy Reach" | landscape 4315×3236 | bw | 2.7MB | 10 variants
[39/87] Browsers & Grazers · _T5A6797-Enhanced-NR.jpg
    → "Riverbank Browse" | landscape 4315×3236 | colour | 3.0MB | 10 variants
[40/87] Browsers & Grazers · _T5A8894.jpg
    → "Quiet Waters" | landscape 4322×2881 | bw | 1.1MB | 10 variants
[41/87] Browsers & Grazers · _X4A0869-2.jpg
    → "Forehead Touch" | landscape 6832×4557 | bw | 4.4MB | 10 variants
[42/87] Browsers & Grazers · _X4A4165.jpg
    → "Among Giants" | landscape 3446×2298 | colour | 1.6MB | 10 variants
[43/87] Browsers & Grazers · _X4A6862.jpg
    → "Striped Vigil" | portrait 1148×1653 | colour | 0.2MB | 10 variants
[44/87] Browsers & Grazers · 0X4A9922.jpg
    → "Soft Repose" | landscape 2988×1993 | bw | 1.3MB | 10 variants
[45/87] Browsers & Grazers · 0X4A9923.jpg
    → "Stripe Tapestry" | landscape 6607×4407 | bw | 6.4MB | 10 variants
[46/87] Browsers & Grazers · 2E3A3454-2.jpg
    → "Shared Shoulder" | landscape 5156×3437 | bw | 4.4MB | 10 variants
[47/87] Browsers & Grazers · 2T5A9143(2x1).jpg
    → "Ivory Curves" | pan2 3648×1824 | bw | 0.8MB | 10 variants
[48/87] Browsers & Grazers · AA8I0491(2x1).jpg
    → "Weathered Trunk" | pan2 1932×3648 | colour | 1.8MB | 10 variants
[49/87] Browsers & Grazers · AA8I1409.jpg
    → "Cooling Giant" | landscape 4857×3238 | bw | 2.1MB | 10 variants
[50/87] Browsers & Grazers · AA8I3132 (4x3).jpg
    → "Spiral Crown" | portrait 2457×3244 | bw | 0.7MB | 10 variants
[51/87] Browsers & Grazers · AA8I7477.jpg
    → "Open Maw" | landscape 3594×2396 | colour | 1.4MB | 10 variants
[52/87] Browsers & Grazers · AA8I8323.jpg
    → "Ancient Armor" | landscape 5472×3648 | bw | 2.1MB | 10 variants
[53/87] Predators · _T5A0435-2.jpg
    → "Silver Vigil" | landscape 5472×3648 | bw | 2.3MB | 10 variants
[54/87] Predators · _T5A0435.jpg
    → "Golden Vigil" | landscape 5472×3648 | colour | 2.3MB | 10 variants
[55/87] Predators · _T5A1201.jpg
    → "Kindred Greeting" | landscape 3337×2225 | colour | 1.4MB | 10 variants
[56/87] Predators · _T5A1309.jpg
    → "Canopy Sentinel" | landscape 3116×2077 | colour | 1.3MB | 10 variants
[57/87] Predators · _T5A1677-3.jpg
    → "Amber Ambush" | landscape 2791×1861 | colour | 0.6MB | 10 variants
[58/87] Predators · _T5A1677.jpg
    → "Veiled Ambush" | landscape 2791×1861 | bw | 0.7MB | 10 variants
[59/87] Predators · _T5A2302.jpg
    → "Dust and Gold" | landscape 2731×1821 | colour | 0.8MB | 10 variants
[60/87] Predators · _T5A3196-2.jpg
    → "Painted Glance" | landscape 3417×2278 | bw | 1.2MB | 10 variants
[61/87] Predators · _T5A3196.jpg
    → "Painted Vigil" | landscape 3417×2278 | colour | 1.3MB | 10 variants
[62/87] Predators · _T5A3714-Enhanced-NR.jpg
    → "Stark Perch" | portrait 1699×2265 | bw | 0.9MB | 10 variants
[63/87] Predators · _T5A6493.jpg
    → "Young Sovereign" | landscape 3594×2396 | bw | 1.3MB | 10 variants
[64/87] Predators · _T5A6659.jpg
    → "Regal Profile" | landscape 4826×3217 | bw | 2.1MB | 10 variants
[65/87] Predators · _X4A0576-2.jpg
    → "Silent Branch Rest" | landscape 3476×2318 | bw | 1.3MB | 10 variants
[66/87] Predators · _X4A0576.jpg
    → "Golden Branch Repose" | landscape 3476×2318 | colour | 1.5MB | 10 variants
[67/87] Predators · _X4A1149-4.jpg
    → "Grassland Prowl" | landscape 6177×4120 | colour | 3.2MB | 10 variants
[68/87] Predators · _X4A1366.jpg
    → "High Limb Vigil" | landscape 7077×4720 | bw | 7.8MB | 10 variants
[69/87] Predators · _X4A1577.tif
    → "Crossing the Current" | portrait 2051×2735 | bw | 1.3MB | 10 variants
[70/87] Predators · _X4A1663.jpg
    → "Painted Gaze" | landscape 2005×1337 | colour | 0.4MB | 10 variants
[71/87] Predators · _X4A2282.jpg
    → "Golden Hour Pair" | landscape 3597×2399 | colour | 1.2MB | 10 variants
[72/87] Predators · _X4A2449-2.jpg
    → "Grassline Watch" | landscape 2781×1855 | colour | 0.8MB | 10 variants
[73/87] Predators · _X4A2449.jpg
    → "Veiled in Grass" | landscape 2781×1855 | bw | 0.7MB | 10 variants
[74/87] Predators · _X4A2729.jpg
    → "Over the Shoulder" | landscape 4363×2910 | colour | 2.2MB | 10 variants
[75/87] Predators · _X4A2841.jpg
    → "Eye Through Leaves" | landscape 5419×3601 | colour | 1.9MB | 10 variants
[76/87] Predators · _X4A2894-2.jpg
    → "Parted Canopy" | landscape 4444×2964 | bw | 1.1MB | 10 variants
[77/87] Predators · _X4A2894.jpg
    → "Through The Leaves" | landscape 4444×2964 | colour | 1.7MB | 10 variants
[78/87] Predators · _X4A2932.jpg
    → "Weathered Perch" | landscape 6562×4375 | colour | 4.4MB | 10 variants
[79/87] Predators · _X4A3330.jpg
    → "Quiet Drink" | landscape 5762×3843 | colour | 3.8MB | 10 variants
[80/87] Predators · _X4A4524-4.jpg
    → "Youthful Intent" | portrait 2785×3714 | colour | 1.7MB | 10 variants
[81/87] Predators · _X4A6231-2.jpg
    → "Amber Upward Gaze" | landscape 8827×5888 | colour | 5.6MB | 10 variants
[82/87] Predators · _X4A6231.jpg
    → "Monochrome Ascent" | landscape 8827×5888 | bw | 4.4MB | 10 variants
[83/87] Predators · _X4A9638.jpg
    → "Knowing Presence" | landscape 5058×3374 | colour | 4.0MB | 10 variants
[84/87] Predators · 0X4A4738-2.jpg
    → "Golden Grass Vigil" | landscape 5874×3918 | colour | 3.8MB | 10 variants
[85/87] Predators · AA8I0623-2.jpg
    → "Emerging Mane" | landscape 3270×2180 | bw | 1.4MB | 10 variants
[86/87] Predators · AA8I8712-2.jpg
    → "Shadowed King" | portrait 1501×2001 | bw | 0.5MB | 10 variants
[87/87] Predators · AA8I8940.jpg
    → "Canopy Vigil" | landscape 4528×3019 | colour | 3.7MB | 10 variants

Done. imported=87 failed=0 dry=false
